5ptTXlASQRuu00l
23eKqe2877Cykgh
6tMET3Ua54gup3k
eHxcLalOvIjIItS
CykXu0yZvrnfihC
voAuMs8naO8EjAO
zFiR95FMsxnuasK
6e7C117WX7832bX
UqGjat6mjsneCs9
HSIXo5kuiH7npDv
eaHHyP22FPJ1UOm
Cgiy9CDqLfyxSFc
1T5dDlrbyWdBmm0
h4XLmb5ET7ohDPz
AGIRVByMoV2etdd
1hnvsO2GEvePzAy
30M4Yleq8I7RVBT
