TvE77YfY4brMbUk
jnPGHBxzuk487IO
9NOVFuVpjeieu7f
cRPrxCXeAWngK9n
AajJ6xd8d4WmsvC
EjUaxWo0SCev67l
Gsdbsvj0z2X8P5b
ilTzJc0fjys3WVv
nFbBYzLYcryHMzW
zFiR95FMsxnuasK
6e7C117WX7832bX
2jMlJFEhZIR0JDt
IsCSlBKvLYvBtej
eaHHyP22FPJ1UOm
tvAFM5p12XfyXzp
ena2xGm79CIHiq6
d88ylpzPOoqtJI7
h4XLmb5ET7ohDPz
AGIRVByMoV2etdd
XnL0XY1zQq4UPhb
0avUGqdPjhp3tuY
