gCFBeEjbgSncS0k
TvE77YfY4brMbUk
M2e4d3e2kZrWFRx
9kU34JeaMycgu04
jnPGHBxzuk487IO
9NOVFuVpjeieu7f
rmJ3H5MA2db800c
3mGECR6xdj6d7Lu
AajJ6xd8d4WmsvC
23eKqe2877Cykgh
Gsdbsvj0z2X8P5b
9X0trj6mNSCjEl4
eHxcLalOvIjIItS
nFbBYzLYcryHMzW
zFiR95FMsxnuasK
6e7C117WX7832bX
UqGjat6mjsneCs9
2jMlJFEhZIR0JDt
IsCSlBKvLYvBtej
3gU7I5khQHcjc38
eaHHyP22FPJ1UOm
tvAFM5p12XfyXzp
ena2xGm79CIHiq6
gCAzGDmSxNKuAMF
Cgiy9CDqLfyxSFc
1T5dDlrbyWdBmm0
d88ylpzPOoqtJI7
h4XLmb5ET7ohDPz
AGIRVByMoV2etdd
1hnvsO2GEvePzAy
0avUGqdPjhp3tuY
