0oG0dsCPYCrMaUA
evV9a93eaGhe27s
XOudc17RgxpUqBF
pmeTrCr1EHtkORM
cRPrxCXeAWngK9n
EjUaxWo0SCev67l
ilTzJc0fjys3WVv
nFbBYzLYcryHMzW
2jMlJFEhZIR0JDt
IsCSlBKvLYvBtej
3gU7I5khQHcjc38
UqdvKGAHocTCUfr
ena2xGm79CIHiq6
0D15Sm8aycBVXFm
ALWTYaMIeijd9rp
